{
    "ValidateAddressesResponse": {
        "ValidatedAddressResultList": {
            "ValidatedAddressResult": [
                {
                    "@id": "0",
                    "ValidatedAddressList": {
                        "ValidatedAddress": [
                            {
                                "PostalAddress": {
                                    "StructuredDeliveryPointLocation": {
                                        "StreetName": "SAMBERSTRAAT",
                                        "StreetNumber": "69"
                                    },
                                    "StructuredPostalCodeMunicipality": {
                                        "PostalCode": "2060",
                                        "MunicipalityName": "ANTWERPEN"
                                    },
                                    "CountryName": "BELGIE"
                                },
                                "AddressLanguage": "nl",
                                "Label": {
                                    "Line": [
                                        "SAMBERSTRAAT 69",
                                        "2060 ANTWERPEN"
                                    ]
                                }
                            }
                        ]
                    },
                    "DetectedInputAddressLanguage": "nl",
                    "TransactionID": "88f0e3b5-4722-47dc-9c90-37b400d4be72"
                },
                {
                    "@id": "1",
                    "ValidatedAddressList": {
                        "ValidatedAddress": [
                            {
                                "PostalAddress": {
                                    "StructuredDeliveryPointLocation": {
                                        "StreetName": "SAMBERSTRAAT",
                                        "StreetNumber": "69"
                                    },
                                    "StructuredPostalCodeMunicipality": {
                                        "PostalCode": "2060",
                                        "MunicipalityName": "ANTWERPEN"
                                    },
                                    "CountryName": "BELGIE"
                                },
                                "AddressLanguage": "nl",
                                "Label": {
                                    "Line": [
                                        "SAMBERSTRAAT 69",
                                        "2060 ANTWERPEN"
                                    ]
                                }
                            }
                        ]
                    },
                    "Error": [
                        {
                            "ComponentRef": "MunicipalityName",
                            "ErrorCode": "anomaly_in_field",
                            "ErrorSeverity": "warning"
                        }
                    ],
                    "DetectedInputAddressLanguage": "nl",
                    "TransactionID": "d0e8931a-a830-45e0-9d17-1b47f09fcc9d"
                },
                {
                    "@id": "2",
                    "ValidatedAddressList": {
                        "ValidatedAddress": [
                            {
                                "PostalAddress": {
                                    "StructuredPostalCodeMunicipality": {
                                        "PostalCode": "2060",
                                        "MunicipalityName": "ANTWERPEN"
                                    },
                                    "CountryName": "BELGIE"
                                },
                                "AddressLanguage": "nl",
                                "Label": {
                                    "Line": [
                                        "2060 ANTWERPEN"
                                    ]
                                }
                            }
                        ]
                    },
                    "Error": [
                        {
                            "ComponentRef": "",
                            "ErrorCode": "address_not_recognized",
                            "ErrorSeverity": "error"
                        }
                    ],
                    "TransactionID": "aab29b7d-6c3c-4882-b88e-e0a5483ef09d"
                }
            ]
        }
    }
}
